../Source/ThirdParty/Drivers/CMSIS/Include/core_cm4.h:1676:26:__NVIC_GetPriorityGrouping	4	static
../Source/ThirdParty/Drivers/CMSIS/Include/core_cm4.h:1688:22:__NVIC_EnableIRQ	16	static
../Source/ThirdParty/Drivers/CMSIS/Include/core_cm4.h:1816:22:__NVIC_SetPriority	16	static
../Source/ThirdParty/Drivers/CMSIS/Include/core_cm4.h:1863:26:NVIC_EncodePriority	40	static
../Source/ThirdParty/Drivers/STM32F4xx_HAL_Driver/Inc/stm32f4xx_ll_bus.h:1187:22:LL_APB1_GRP1_EnableClock	24	static
../Source/ThirdParty/Drivers/STM32F4xx_HAL_Driver/Inc/stm32f4xx_ll_tim.h:1124:22:LL_TIM_EnableCounter	16	static
../Source/ThirdParty/Drivers/STM32F4xx_HAL_Driver/Inc/stm32f4xx_ll_tim.h:1315:22:LL_TIM_DisableARRPreload	16	static
../Source/ThirdParty/Drivers/STM32F4xx_HAL_Driver/Inc/stm32f4xx_ll_tim.h:3182:22:LL_TIM_ClearFlag_UPDATE	16	static
../Source/ThirdParty/Drivers/STM32F4xx_HAL_Driver/Inc/stm32f4xx_ll_tim.h:3193:26:LL_TIM_IsActiveFlag_UPDATE	16	static
../Source/ThirdParty/Drivers/STM32F4xx_HAL_Driver/Inc/stm32f4xx_ll_tim.h:3457:22:LL_TIM_EnableIT_UPDATE	16	static
../Source/Driver/timer_driver.c:44:6:TIM_Timer13_init	32	static
../Source/Driver/timer_driver.c:62:6:configureTimerForRunTimeStats	8	static
../Source/Driver/timer_driver.c:68:15:getRunTimeCounterValue	4	static
../Source/Driver/timer_driver.c:72:6:TIM8_UP_TIM13_IRQHandler	8	static
