../Source/ThirdParty/Drivers/CMSIS/Include/core_cm4.h:1688:22:__NVIC_EnableIRQ	16	static
../Source/ThirdParty/Drivers/CMSIS/Include/core_cm4.h:1816:22:__NVIC_SetPriority	16	static
../Source/ThirdParty/Drivers/STM32F4xx_HAL_Driver/Inc/stm32f4xx_ll_usart.h:411:22:LL_USART_Enable	16	static
../Source/ThirdParty/Drivers/STM32F4xx_HAL_Driver/Inc/stm32f4xx_ll_usart.h:1480:22:LL_USART_ConfigAsyncMode	16	static
../Source/ThirdParty/Drivers/STM32F4xx_HAL_Driver/Inc/stm32f4xx_ll_usart.h:1793:26:LL_USART_IsActiveFlag_RXNE	16	static
../Source/ThirdParty/Drivers/STM32F4xx_HAL_Driver/Inc/stm32f4xx_ll_usart.h:1815:26:LL_USART_IsActiveFlag_TXE	16	static
../Source/ThirdParty/Drivers/STM32F4xx_HAL_Driver/Inc/stm32f4xx_ll_usart.h:2036:22:LL_USART_EnableIT_RXNE	40	static,ignoring_inline_asm
../Source/ThirdParty/Drivers/STM32F4xx_HAL_Driver/Inc/stm32f4xx_ll_usart.h:2228:26:LL_USART_IsEnabledIT_RXNE	16	static
../Source/ThirdParty/Drivers/STM32F4xx_HAL_Driver/Inc/stm32f4xx_ll_usart.h:2404:25:LL_USART_ReceiveData8	16	static
../Source/ThirdParty/Drivers/STM32F4xx_HAL_Driver/Inc/stm32f4xx_ll_usart.h:2427:22:LL_USART_TransmitData8	16	static
../Source/ThirdParty/Drivers/STM32F4xx_HAL_Driver/Inc/stm32f4xx_ll_bus.h:1187:22:LL_APB1_GRP1_EnableClock	24	static
../Source/ThirdParty/Drivers/STM32F4xx_HAL_Driver/Inc/stm32f4xx_ll_bus.h:1706:22:LL_APB2_GRP1_EnableClock	24	static
../Source/Driver/uart_driver.c:103:13:UART_Driver_RecieveCallback	24	static
../Source/Driver/uart_driver.c:111:6:USART1_IRQHandler	8	static
../Source/Driver/uart_driver.c:115:6:USART2_IRQHandler	8	static
../Source/Driver/uart_driver.c:119:13:UART_Driver_InitGpio	16	static
../Source/Driver/uart_driver.c:151:6:UART_Driver_Init	56	static
../Source/Driver/uart_driver.c:193:6:UART_Driver_SendString	24	static
../Source/Driver/uart_driver.c:212:6:UART_Driver_GetByte	16	static
